[rss] log: C:\Users\lowei\proj\lzfse2\helper_windows\bench_logs\claw-code-rss-nul-n40-20260705-181926.log
[rss] start: 2026-07-05 18:19:26
[rss] cwd: C:\Users\lowei\proj\lzfse2\helper_windows
[rss] dataset: ..\claw-code
[rss] n: 40
[rss] output: write to nul
[rss] Other3 (nul) ...
  encode RSS = 131 MB   decode RSS = 247.2 MB
[rss] Optimal3 (nul) ...
  encode RSS = 500.8 MB   decode RSS = 246.7 MB
[rss] BVX3 (nul) ...
  encode RSS = 135.1 MB   decode RSS = 245.5 MB
[rss] Lazy2 (nul) ...
  encode RSS = 488 MB   decode RSS = 242.3 MB
[rss] Optimal (nul) ...
  encode RSS = 510.6 MB   decode RSS = 240.5 MB
[rss] LZ4 (nul) ...
  encode RSS = 8.3 MB   decode RSS = 8.3 MB
[rss] ZSTD (nul) ...
  encode RSS = 8.3 MB   decode RSS = 8.7 MB
[rss] Tgz (nul) ...
  encode RSS = 6.4 MB   decode RSS = 5.8 MB

[OK] C:\Users\lowei\proj\lzfse2\helper_windows\bench_results_csv\rss_summary.csv written (peak RSS = Peak Working Set, n=40, output=nul):
  dataset,format,output_mode,encode_rss_mb,decode_rss_mb
  claw-code,Other3,nul,131,247.2
  claw-code,Optimal3,nul,500.8,246.7
  claw-code,BVX3,nul,135.1,245.5
  claw-code,Lazy2,nul,488,242.3
  claw-code,Optimal,nul,510.6,240.5
  claw-code,LZ4,nul,8.3,8.3
  claw-code,ZSTD,nul,8.3,8.7
  claw-code,Tgz,nul,6.4,5.8
[rss] finish: 2026-07-05 18:22:41
