[rss] log: C:\Users\lowei\proj\lzfse2\helper_windows\bench_logs\claw-code-rss-file-n40-20260711-104611.log
[rss] start: 2026-07-11 10:46:11
[rss] cwd: C:\Users\lowei\proj\lzfse2\helper_windows
[rss] dataset: ..\claw-code
[rss] n: 40
[rss] output: write to file
[rss] Other3 (file) ...
  encode RSS = 119.6 MB   decode RSS = 259.3 MB
[rss] Optimal3 (file) ...
  encode RSS = 501.8 MB   decode RSS = 257.1 MB
[rss] BVX3 (file) ...
  encode RSS = 127.8 MB   decode RSS = 249.3 MB
[rss] Lazy2 (file) ...
  encode RSS = 483.5 MB   decode RSS = 248.4 MB
[rss] Optimal (file) ...
  encode RSS = 510 MB   decode RSS = 245.1 MB
[rss] LZ4 (file) ...
  encode RSS = 8.9 MB   decode RSS = 8.3 MB
[rss] ZSTD (file) ...
  encode RSS = 8.4 MB   decode RSS = 8.4 MB
[rss] Tgz (file) ...
  encode RSS = 6.6 MB   decode RSS = 6.1 MB

[OK] C:\Users\lowei\proj\lzfse2\helper_windows\bench_results_csv\rss_summary.csv written (peak RSS = Peak Working Set, n=40, output=file):
  dataset,format,output_mode,encode_rss_mb,decode_rss_mb
  claw-code,Other3,nul,122.9,259.1
  claw-code,Optimal3,nul,498,255.6
  claw-code,BVX3,nul,134.5,249.5
  claw-code,Lazy2,nul,483.1,248.2
  claw-code,Optimal,nul,508.8,245.1
  claw-code,LZ4,nul,8.3,8.8
  claw-code,ZSTD,nul,8.8,8.8
  claw-code,Tgz,nul,6.6,6.4
  claw-code,Other3,file,119.6,259.3
  claw-code,Optimal3,file,501.8,257.1
  claw-code,BVX3,file,127.8,249.3
  claw-code,Lazy2,file,483.5,248.4
  claw-code,Optimal,file,510,245.1
  claw-code,LZ4,file,8.9,8.3
  claw-code,ZSTD,file,8.4,8.4
  claw-code,Tgz,file,6.6,6.1
[rss] finish: 2026-07-11 10:49:52
