[rss] log: C:\Users\lowei\proj\lzfse2\helper_windows\bench_logs\claw-code-rss-file-n40-20260709-081232.log
[rss] start: 2026-07-09 08:12:32
[rss] cwd: C:\Users\lowei\proj\lzfse2\helper_windows
[rss] dataset: ..\claw-code
[rss] n: 40
[rss] output: write to file
[rss] Other3 (file) ...
  encode RSS = 189.2 MB   decode RSS = 257.1 MB
[rss] Optimal3 (file) ...
  encode RSS = 497 MB   decode RSS = 255.1 MB
[rss] BVX3 (file) ...
  encode RSS = 191.5 MB   decode RSS = 248.7 MB
[rss] Lazy2 (file) ...
  encode RSS = 491 MB   decode RSS = 248.2 MB
[rss] Optimal (file) ...
  encode RSS = 515.1 MB   decode RSS = 244.7 MB
[rss] LZ4 (file) ...
  encode RSS = 8.3 MB   decode RSS = 8.3 MB
[rss] ZSTD (file) ...
  encode RSS = 8.3 MB   decode RSS = 8.3 MB
[rss] Tgz (file) ...
  encode RSS = 6.3 MB   decode RSS = 6.1 MB

[OK] C:\Users\lowei\proj\lzfse2\helper_windows\bench_results_csv\rss_summary.csv written (peak RSS = Peak Working Set, n=40, output=file):
  dataset,format,output_mode,encode_rss_mb,decode_rss_mb
  claw-code,Other3,nul,138.2,258.6
  claw-code,Optimal3,nul,502.2,255.2
  claw-code,BVX3,nul,208.3,248.4
  claw-code,Lazy2,nul,482.3,247.1
  claw-code,Optimal,nul,535.1,244.6
  claw-code,LZ4,nul,8.3,8.3
  claw-code,ZSTD,nul,8.3,8.3
  claw-code,Tgz,nul,6.3,6.1
  claw-code,Other3,file,189.2,257.1
  claw-code,Optimal3,file,497,255.1
  claw-code,BVX3,file,191.5,248.7
  claw-code,Lazy2,file,491,248.2
  claw-code,Optimal,file,515.1,244.7
  claw-code,LZ4,file,8.3,8.3
  claw-code,ZSTD,file,8.3,8.3
  claw-code,Tgz,file,6.3,6.1
[rss] finish: 2026-07-09 08:17:44
