[rss] log: C:\Users\lowei\proj\lzfse2\helper_windows\bench_logs\claw-code-rss-file-n40-20260628-152015.log
[rss] start: 2026-06-28 15:20:15
[rss] cwd: C:\Users\lowei\proj\lzfse2\helper_windows
[rss] dataset: ..\claw-code
[rss] n: 40
[rss] output: write to file
[rss] Other3 (file) ...
  encode RSS = 131.6 MB   decode RSS = 247.2 MB
[rss] BVX3 (file) ...
  encode RSS = 155.2 MB   decode RSS = 245.1 MB
[rss] Lazy2 (file) ...
  encode RSS = 485.1 MB   decode RSS = 242.2 MB
[rss] Optimal (file) ...
  encode RSS = 512.5 MB   decode RSS = 240.6 MB
[rss] LZ4 (file) ...
  encode RSS = 8.3 MB   decode RSS = 8.3 MB
[rss] ZSTD (file) ...
  encode RSS = 8.3 MB   decode RSS = 8.8 MB
[rss] Tgz (file) ...
  encode RSS = 6.3 MB   decode RSS = 6.1 MB

[OK] C:\Users\lowei\proj\lzfse2\helper_windows\bench_results_csv\rss_summary.csv written (peak RSS = Peak Working Set, n=40, output=file):
  dataset,format,output_mode,encode_rss_mb,decode_rss_mb
  claw-code,Other3,nul,116.1,247.2
  claw-code,BVX3,nul,173.7,245.6
  claw-code,Lazy2,nul,480.7,242.3
  claw-code,Optimal,nul,508.8,240.6
  claw-code,LZ4,nul,8.3,8.3
  claw-code,ZSTD,nul,8.3,8.3
  claw-code,Tgz,nul,6.3,5.7
  claw-code,Other3,file,131.6,247.2
  claw-code,BVX3,file,155.2,245.1
  claw-code,Lazy2,file,485.1,242.2
  claw-code,Optimal,file,512.5,240.6
  claw-code,LZ4,file,8.3,8.3
  claw-code,ZSTD,file,8.3,8.8
  claw-code,Tgz,file,6.3,6.1
[rss] finish: 2026-06-28 15:24:01
