[rss] log: C:\Users\lowei\proj\lzfse2\helper_windows\bench_logs\claw-code-rss-nul-n40-20260708-131127.log
[rss] start: 2026-07-08 13:11:27
[rss] cwd: C:\Users\lowei\proj\lzfse2\helper_windows
[rss] dataset: ..\claw-code
[rss] n: 40
[rss] output: write to nul
[rss] Other3 (nul) ...
  encode RSS = 121.5 MB   decode RSS = 259.1 MB
[rss] Optimal3 (nul) ...
  encode RSS = 499.8 MB   decode RSS = 255.9 MB
[rss] BVX3 (nul) ...
  encode RSS = 134.9 MB   decode RSS = 248.9 MB
[rss] Lazy2 (nul) ...
  encode RSS = 487.3 MB   decode RSS = 249.6 MB
[rss] Optimal (nul) ...
  encode RSS = 535.1 MB   decode RSS = 245 MB
[rss] LZ4 (nul) ...
  encode RSS = 8.4 MB   decode RSS = 8.4 MB
[rss] ZSTD (nul) ...
  encode RSS = 8.4 MB   decode RSS = 8.9 MB
[rss] Tgz (nul) ...
  encode RSS = 6.7 MB   decode RSS = 6 MB

[OK] C:\Users\lowei\proj\lzfse2\helper_windows\bench_results_csv\rss_summary.csv written (peak RSS = Peak Working Set, n=40, output=nul):
  dataset,format,output_mode,encode_rss_mb,decode_rss_mb
  claw-code,Other3,nul,121.5,259.1
  claw-code,Optimal3,nul,499.8,255.9
  claw-code,BVX3,nul,134.9,248.9
  claw-code,Lazy2,nul,487.3,249.6
  claw-code,Optimal,nul,535.1,245
  claw-code,LZ4,nul,8.4,8.4
  claw-code,ZSTD,nul,8.4,8.9
  claw-code,Tgz,nul,6.7,6
[rss] finish: 2026-07-08 13:16:09
