[rss] log: C:\Users\lowei\proj\lzfse2\helper_windows\bench_logs\claw-code-rss-nul-n40-20260711-104242.log
[rss] start: 2026-07-11 10:42:42
[rss] cwd: C:\Users\lowei\proj\lzfse2\helper_windows
[rss] dataset: ..\claw-code
[rss] n: 40
[rss] output: write to nul
[rss] Other3 (nul) ...
  encode RSS = 122.9 MB   decode RSS = 259.1 MB
[rss] Optimal3 (nul) ...
  encode RSS = 498 MB   decode RSS = 255.6 MB
[rss] BVX3 (nul) ...
  encode RSS = 134.5 MB   decode RSS = 249.5 MB
[rss] Lazy2 (nul) ...
  encode RSS = 483.1 MB   decode RSS = 248.2 MB
[rss] Optimal (nul) ...
  encode RSS = 508.8 MB   decode RSS = 245.1 MB
[rss] LZ4 (nul) ...
  encode RSS = 8.3 MB   decode RSS = 8.8 MB
[rss] ZSTD (nul) ...
  encode RSS = 8.8 MB   decode RSS = 8.8 MB
[rss] Tgz (nul) ...
  encode RSS = 6.6 MB   decode RSS = 6.4 MB

[OK] C:\Users\lowei\proj\lzfse2\helper_windows\bench_results_csv\rss_summary.csv written (peak RSS = Peak Working Set, n=40, output=nul):
  dataset,format,output_mode,encode_rss_mb,decode_rss_mb
  claw-code,Other3,nul,122.9,259.1
  claw-code,Optimal3,nul,498,255.6
  claw-code,BVX3,nul,134.5,249.5
  claw-code,Lazy2,nul,483.1,248.2
  claw-code,Optimal,nul,508.8,245.1
  claw-code,LZ4,nul,8.3,8.8
  claw-code,ZSTD,nul,8.8,8.8
  claw-code,Tgz,nul,6.6,6.4
[rss] finish: 2026-07-11 10:46:10
