[rss] log: C:\Users\lowei\proj\lzfse2\helper_windows\bench_logs\claw-code-rss-nul-n40-20260718-084032.log
[rss] start: 2026-07-18 08:40:32
[rss] cwd: C:\Users\lowei\proj\lzfse2\helper_windows
[rss] dataset: ..\claw-code
[rss] n: 40
[rss] output: write to nul
[rss] TGZ backend: C:\Windows\System32\tar.exe (system tar)
[rss] Other3 (nul) ...
  encode RSS = 130.2 MB   decode RSS = 246.7 MB
[rss] Optimal3 (nul) ...
  encode RSS = 525.6 MB   decode RSS = 245 MB
[rss] BVX3 (nul) ...
  encode RSS = 206.2 MB   decode RSS = 245.8 MB
[rss] Lazy2 (nul) ...
  encode RSS = 483.6 MB   decode RSS = 241.9 MB
[rss] Optimal (nul) ...
  encode RSS = 507.7 MB   decode RSS = 240.6 MB
[rss] LZ4 (nul) ...
  encode RSS = 8.4 MB   decode RSS = 8.4 MB
[rss] ZSTD (nul) ...
  encode RSS = 8.4 MB   decode RSS = 8.5 MB
[rss] Tgz (nul) ...
  encode RSS = 6.4 MB   decode RSS = 5.8 MB

[OK] C:\Users\lowei\proj\lzfse2\helper_windows\bench_results_csv\rss_summary.csv written (peak RSS = Peak Working Set, n=40, output=nul):
  dataset,format,output_mode,encode_rss_mb,decode_rss_mb
  claw-code,Other3,nul,130.2,246.7
  claw-code,Optimal3,nul,525.6,245
  claw-code,BVX3,nul,206.2,245.8
  claw-code,Lazy2,nul,483.6,241.9
  claw-code,Optimal,nul,507.7,240.6
  claw-code,LZ4,nul,8.4,8.4
  claw-code,ZSTD,nul,8.4,8.5
  claw-code,Tgz,nul,6.4,5.8
[rss] finish: 2026-07-18 08:45:14
