[rss] log: C:\Users\lowei\proj\lzfse2\helper_windows\bench_logs\claw-code-rss-file-n40-20260630-222527.log
[rss] start: 2026-06-30 22:25:27
[rss] cwd: C:\Users\lowei\proj\lzfse2\helper_windows
[rss] dataset: ..\claw-code
[rss] n: 40
[rss] output: write to file
[rss] Other3 (file) ...
  encode RSS = 130.9 MB   decode RSS = 246.8 MB
[rss] BVX3 (file) ...
  encode RSS = 135.7 MB   decode RSS = 245.6 MB
[rss] Lazy2 (file) ...
  encode RSS = 482.1 MB   decode RSS = 242 MB
[rss] Optimal (file) ...
  encode RSS = 510.5 MB   decode RSS = 240.7 MB
[rss] LZ4 (file) ...
  encode RSS = 8.4 MB   decode RSS = 8.4 MB
[rss] ZSTD (file) ...
  encode RSS = 8.4 MB   decode RSS = 8.4 MB
[rss] Tgz (file) ...
  encode RSS = 6.4 MB   decode RSS = 6.2 MB

[OK] C:\Users\lowei\proj\lzfse2\helper_windows\bench_results_csv\rss_summary.csv written (peak RSS = Peak Working Set, n=40, output=file):
  dataset,format,output_mode,encode_rss_mb,decode_rss_mb
  claw-code,Other3,nul,118.3,248.4
  claw-code,BVX3,nul,132.7,245.8
  claw-code,Lazy2,nul,482.7,243.5
  claw-code,Optimal,nul,507.5,241.1
  claw-code,LZ4,nul,8.4,8.9
  claw-code,ZSTD,nul,8.4,8.4
  claw-code,Tgz,nul,6.4,5.8
  claw-code,Other3,file,130.9,246.8
  claw-code,BVX3,file,135.7,245.6
  claw-code,Lazy2,file,482.1,242
  claw-code,Optimal,file,510.5,240.7
  claw-code,LZ4,file,8.4,8.4
  claw-code,ZSTD,file,8.4,8.4
  claw-code,Tgz,file,6.4,6.2
[rss] finish: 2026-06-30 22:28:12
