[rss] log: C:\Users\lowei\proj\lzfse2\helper_windows\bench_logs\claw-code-rss-n40-20260628-111946.log
[rss] start: 2026-06-28 11:19:46
[rss] cwd: C:\Users\lowei\proj\lzfse2\helper_windows
[rss] dataset: ..\claw-code
[rss] n: 40
[rss] Other3 ...
  encode RSS = 143.6 MB   decode RSS = 247 MB
[rss] BVX3 ...
  encode RSS = 177.4 MB   decode RSS = 245.8 MB
[rss] Lazy2 ...
  encode RSS = 488.5 MB   decode RSS = 242 MB
[rss] Optimal ...
  encode RSS = 535.3 MB   decode RSS = 241.2 MB
[rss] LZ4 ...
  encode RSS = 8.4 MB   decode RSS = 8.3 MB
[rss] ZSTD ...
  encode RSS = 8.3 MB   decode RSS = 8.3 MB
[rss] Tgz ...
  encode RSS = 6.3 MB   decode RSS = 5.7 MB

[OK] C:\Users\lowei\proj\lzfse2\helper_windows\bench_results_csv\rss_summary.csv written (peak RSS = Peak Working Set, n=40):
  format,encode_rss_mb,decode_rss_mb
  Other3,143.6,247
  BVX3,177.4,245.8
  Lazy2,488.5,242
  Optimal,535.3,241.2
  LZ4,8.4,8.3
  ZSTD,8.3,8.3
  Tgz,6.3,5.7
[rss] finish: 2026-06-28 11:23:51
