[rss] log: C:\Users\lowei\proj\lzfse2\helper_windows\bench_logs\claw-code-rss-file-n40-20260717-225328.log
[rss] start: 2026-07-17 22:53:28
[rss] cwd: C:\Users\lowei\proj\lzfse2\helper_windows
[rss] dataset: ..\claw-code
[rss] n: 40
[rss] output: write to file
[rss] Other3 (file) ...
  encode RSS = 137.4 MB   decode RSS = 259 MB
[rss] Optimal3 (file) ...
  encode RSS = 501.6 MB   decode RSS = 255.2 MB
[rss] BVX3 (file) ...
  encode RSS = 135.4 MB   decode RSS = 248.9 MB
[rss] Lazy2 (file) ...
  encode RSS = 485.2 MB   decode RSS = 246.9 MB
[rss] Optimal (file) ...
  encode RSS = 535.3 MB   decode RSS = 244.4 MB
[rss] LZ4 (file) ...
  encode RSS = 8.4 MB   decode RSS = 8.3 MB
[rss] ZSTD (file) ...
  encode RSS = 8.3 MB   decode RSS = 8.3 MB
[rss] Tgz (file) ...
  encode RSS = 6.4 MB   decode RSS = 5.9 MB

[OK] C:\Users\lowei\proj\lzfse2\helper_windows\bench_results_csv\rss_summary.csv written (peak RSS = Peak Working Set, n=40, output=file):
  dataset,format,output_mode,encode_rss_mb,decode_rss_mb
  claw-code,Other3,nul,138.7,257.4
  claw-code,Optimal3,nul,497.2,255.1
  claw-code,BVX3,nul,137.8,248.9
  claw-code,Lazy2,nul,483.6,247.5
  claw-code,Optimal,nul,511.3,244.6
  claw-code,LZ4,nul,8.4,8.9
  claw-code,ZSTD,nul,8.4,8.3
  claw-code,Tgz,nul,6.4,5.8
  claw-code,Other3,file,137.4,259
  claw-code,Optimal3,file,501.6,255.2
  claw-code,BVX3,file,135.4,248.9
  claw-code,Lazy2,file,485.2,246.9
  claw-code,Optimal,file,535.3,244.4
  claw-code,LZ4,file,8.4,8.3
  claw-code,ZSTD,file,8.3,8.3
  claw-code,Tgz,file,6.4,5.9
[rss] finish: 2026-07-17 22:58:12
