[rss] log: C:\Users\lowei\proj\lzfse2\helper_windows\bench_logs\claw-code-rss-nul-n40-20260718-093541.log
[rss] start: 2026-07-18 09:35:41
[rss] cwd: C:\Users\lowei\proj\lzfse2\helper_windows
[rss] dataset: ..\claw-code
[rss] n: 40
[rss] output: write to nul
[rss] TGZ backend: C:\Users\lowei\AppData\Local\Temp\lzfse2-swift-tar-shim\tar.exe (native zlib; swift_tar 20260718-090617)
[rss] Other3 (nul) ...
  encode RSS = 126.8 MB   decode RSS = 257.6 MB
[rss] Optimal3 (nul) ...
  encode RSS = 496.9 MB   decode RSS = 255.3 MB
[rss] BVX3 (nul) ...
  encode RSS = 123.7 MB   decode RSS = 248.4 MB
[rss] Lazy2 (nul) ...
  encode RSS = 481.2 MB   decode RSS = 247.9 MB
[rss] Optimal (nul) ...
  encode RSS = 508.5 MB   decode RSS = 244.7 MB
[rss] LZ4 (nul) ...
  encode RSS = 8.9 MB   decode RSS = 8.9 MB
[rss] ZSTD (nul) ...
  encode RSS = 8.9 MB   decode RSS = 8.4 MB
[rss] Tgz (nul) ...
  encode RSS = 138.2 MB   decode RSS = 42.6 MB

[OK] C:\Users\lowei\proj\lzfse2\helper_windows\bench_results_csv\rss_summary.csv written (peak RSS = Peak Working Set, n=40, output=nul):
  dataset,format,output_mode,encode_rss_mb,decode_rss_mb
  claw-code,Other3,nul,126.8,257.6
  claw-code,Optimal3,nul,496.9,255.3
  claw-code,BVX3,nul,123.7,248.4
  claw-code,Lazy2,nul,481.2,247.9
  claw-code,Optimal,nul,508.5,244.7
  claw-code,LZ4,nul,8.9,8.9
  claw-code,ZSTD,nul,8.9,8.4
  claw-code,Tgz,nul,138.2,42.6
[rss] finish: 2026-07-18 09:39:16
