[rss] log: C:\Users\lowei\proj\lzfse2\helper_windows\bench_logs\claw-code-rss-nul-n40-20260713-064403.log
[rss] start: 2026-07-13 06:44:03
[rss] cwd: C:\Users\lowei\proj\lzfse2\helper_windows
[rss] dataset: ..\claw-code
[rss] n: 40
[rss] output: write to nul
[rss] Other3 (nul) ...
  encode RSS = 123.4 MB   decode RSS = 258.9 MB
[rss] Optimal3 (nul) ...
  encode RSS = 502.9 MB   decode RSS = 255.2 MB
[rss] BVX3 (nul) ...
  encode RSS = 133.6 MB   decode RSS = 248.6 MB
[rss] Lazy2 (nul) ...
  encode RSS = 485.5 MB   decode RSS = 249.2 MB
[rss] Optimal (nul) ...
  encode RSS = 509.6 MB   decode RSS = 244.9 MB
[rss] LZ4 (nul) ...
  encode RSS = 8.3 MB   decode RSS = 8.8 MB
[rss] ZSTD (nul) ...
  encode RSS = 8.3 MB   decode RSS = 8.3 MB
[rss] Tgz (nul) ...
  encode RSS = 6.4 MB   decode RSS = 6.2 MB

[OK] C:\Users\lowei\proj\lzfse2\helper_windows\bench_results_csv\rss_summary.csv written (peak RSS = Peak Working Set, n=40, output=nul):
  dataset,format,output_mode,encode_rss_mb,decode_rss_mb
  claw-code,Other3,nul,123.4,258.9
  claw-code,Optimal3,nul,502.9,255.2
  claw-code,BVX3,nul,133.6,248.6
  claw-code,Lazy2,nul,485.5,249.2
  claw-code,Optimal,nul,509.6,244.9
  claw-code,LZ4,nul,8.3,8.8
  claw-code,ZSTD,nul,8.3,8.3
  claw-code,Tgz,nul,6.4,6.2
[rss] finish: 2026-07-13 06:47:23
