[rss] log: C:\Users\lowei\proj\lzfse2\helper_windows\bench_logs\claw-code-rss-file-n40-20260710-234950.log
[rss] start: 2026-07-10 23:49:50
[rss] cwd: C:\Users\lowei\proj\lzfse2\helper_windows
[rss] dataset: ..\claw-code
[rss] n: 40
[rss] output: write to file
[rss] Other3 (file) ...
  encode RSS = 156.9 MB   decode RSS = 246.9 MB
[rss] Optimal3 (file) ...
  encode RSS = 499.7 MB   decode RSS = 245.1 MB
[rss] BVX3 (file) ...
  encode RSS = 138 MB   decode RSS = 245.3 MB
[rss] Lazy2 (file) ...
  encode RSS = 483.2 MB   decode RSS = 242.1 MB
[rss] Optimal (file) ...
  encode RSS = 510.6 MB   decode RSS = 240.9 MB
[rss] LZ4 (file) ...
  encode RSS = 8.8 MB   decode RSS = 8.3 MB
[rss] ZSTD (file) ...
  encode RSS = 8.3 MB   decode RSS = 8.3 MB
[rss] Tgz (file) ...
  encode RSS = 6.4 MB   decode RSS = 5.8 MB

[OK] C:\Users\lowei\proj\lzfse2\helper_windows\bench_results_csv\rss_summary.csv written (peak RSS = Peak Working Set, n=40, output=file):
  dataset,format,output_mode,encode_rss_mb,decode_rss_mb
  claw-code,Other3,nul,128.8,247.1
  claw-code,Optimal3,nul,525.5,245.2
  claw-code,BVX3,nul,152.1,245.6
  claw-code,Lazy2,nul,487.6,241.9
  claw-code,Optimal,nul,507.7,240.5
  claw-code,LZ4,nul,8.3,8.3
  claw-code,ZSTD,nul,8.3,8.3
  claw-code,Tgz,nul,6.3,5.7
  claw-code,Other3,file,156.9,246.9
  claw-code,Optimal3,file,499.7,245.1
  claw-code,BVX3,file,138,245.3
  claw-code,Lazy2,file,483.2,242.1
  claw-code,Optimal,file,510.6,240.9
  claw-code,LZ4,file,8.8,8.3
  claw-code,ZSTD,file,8.3,8.3
  claw-code,Tgz,file,6.4,5.8
[rss] finish: 2026-07-10 23:54:44
